2026-03-18T16:05:12.953111 | IMPORT_OK config
2026-03-18T16:05:12.953183 | IMPORT_OK utils
2026-03-18T16:05:12.953237 | IMPORT_OK db
2026-03-18T16:05:12.953288 | IMPORT_OK state
2026-03-18T16:05:12.953338 | IMPORT_OK parser
2026-03-18T16:05:12.953387 | IMPORT_OK tools
2026-03-18T16:05:12.953435 | IMPORT_OK agent
2026-03-18T16:05:12.953481 | IMPORT_OK background
2026-03-18T16:05:12.953517 | AGENT_TEST OK
2026-03-18T16:05:12.953557 | TEST_SUMMARY ok=True
